EN relogio_module NULL C:/Users/Rian/Documents/MICROELETRONICA/LAB4/relogio_module/relogio_module.vhd sub00/vhpl02 1715048853
AR relogio_module behavioral C:/Users/Rian/Documents/MICROELETRONICA/LAB4/relogio_module/relogio_module.vhd sub00/vhpl03 1715048854
AR aux_relogio_module behavioral C:/Users/Rian/Documents/MICROELETRONICA/LAB4/relogio_module/aux_relogio_module.vhd sub00/vhpl01 1715048852
EN aux_relogio_module NULL C:/Users/Rian/Documents/MICROELETRONICA/LAB4/relogio_module/aux_relogio_module.vhd sub00/vhpl00 1715048851
